export const snapshot = {};

snapshot[`getCodeFiles() 1`] = `
[Map Iterator] {
  {
    lang: "css",
    path: "https://scrapbox.io/api/code/villagepump/%E3%83%AA%E3%83%B3%E3%82%AF%E3%82%92%E5%87%BA%E5%85%B8%E3%82%A2%E3%82%A4%E3%82%B3%E3%83%B3%E3%81%AB%E3%81%99%E3%82%8BUserCSS/style.css",
    startIds: [
      "61596b221280f000007378f1",
      "6157ea821280f00000ad879f",
      "61580c691280f0000097e632",
      "61fe4ade1280f00000a67ccc",
      "61580c881280f0000097e634",
      "61fe3ffd1280f000008faa49",
    ],
  },
  {
    lang: "css",
    path: "https://scrapbox.io/api/code/villagepump/%E3%83%AA%E3%83%B3%E3%82%AF%E3%82%92%E5%87%BA%E5%85%B8%E3%82%A2%E3%82%A4%E3%82%B3%E3%83%B3%E3%81%AB%E3%81%99%E3%82%8BUserCSS/style.css.disabled",
    startIds: [
      "61596b3d1280f0000073793a",
    ],
  },
  {
    lang: "diff",
    path: "https://scrapbox.io/api/code/villagepump/%E3%83%AA%E3%83%B3%E3%82%AF%E3%82%92%E5%87%BA%E5%85%B8%E3%82%A2%E3%82%A4%E3%82%B3%E3%83%B3%E3%81%AB%E3%81%99%E3%82%8BUserCSS/%E5%B7%AE%E5%88%86.diff",
    startIds: [
      "61fe4a9b1280f00000a67cbd",
    ],
  },
  {
    lang: "diff",
    path: "https://scrapbox.io/api/code/villagepump/%E3%83%AA%E3%83%B3%E3%82%AF%E3%82%92%E5%87%BA%E5%85%B8%E3%82%A2%E3%82%A4%E3%82%B3%E3%83%B3%E3%81%AB%E3%81%99%E3%82%8BUserCSS/%E5%B7%AE%E5%88%862.diff",
    startIds: [
      "61fe4af31280f00000a67cd2",
    ],
  },
}
`;
